src/app/(protected)/courses/page.tsx(22,5): error TS2322: Type 'string' is not assignable to type 'number'.
src/app/(protected)/courses/page.tsx(36,5): error TS2322: Type 'string' is not assignable to type 'number'.
src/app/(protected)/courses/page.tsx(49,5): error TS2322: Type 'string' is not assignable to type 'number'.
src/app/(protected)/courses/page.tsx(63,5): error TS2322: Type 'string' is not assignable to type 'number'.
src/app/(protected)/groups/page.tsx(10,5): error TS2353: Object literal may only specify known properties, and 'members' does not exist in type 'Group'.
src/app/(protected)/groups/page.tsx(19,5): error TS2353: Object literal may only specify known properties, and 'members' does not exist in type 'Group'.
src/app/(protected)/groups/page.tsx(28,5): error TS2353: Object literal may only specify known properties, and 'members' does not exist in type 'Group'.
src/app/(protected)/tasks/page.tsx(34,5): error TS2561: Object literal may only specify known properties, but 'course' does not exist in type 'Task'. Did you mean to write 'courseId'?
src/app/(protected)/tasks/page.tsx(43,5): error TS2561: Object literal may only specify known properties, but 'course' does not exist in type 'Task'. Did you mean to write 'courseId'?
src/app/(protected)/tasks/page.tsx(51,5): error TS2561: Object literal may only specify known properties, but 'course' does not exist in type 'Task'. Did you mean to write 'courseId'?
src/app/(protected)/tasks/page.tsx(59,5): error TS2561: Object literal may only specify known properties, but 'course' does not exist in type 'Task'. Did you mean to write 'courseId'?
src/app/(protected)/tasks/page.tsx(67,5): error TS2561: Object literal may only specify known properties, but 'course' does not exist in type 'Task'. Did you mean to write 'courseId'?
src/app/(protected)/tasks/page.tsx(75,5): error TS2561: Object literal may only specify known properties, but 'course' does not exist in type 'Task'. Did you mean to write 'courseId'?
src/app/(protected)/tasks/page.tsx(83,5): error TS2561: Object literal may only specify known properties, but 'course' does not exist in type 'Task'. Did you mean to write 'courseId'?
src/app/(protected)/tasks/page.tsx(91,5): error TS2561: Object literal may only specify known properties, but 'course' does not exist in type 'Task'. Did you mean to write 'courseId'?
src/app/(protected)/tasks/page.tsx(154,7): error TS2561: Object literal may only specify known properties, but 'course' does not exist in type 'Task'. Did you mean to write 'courseId'?
src/app/(protected)/tasks/page.tsx(195,12): error TS2551: Property 'course' does not exist on type 'Task'. Did you mean 'courseId'?
src/app/(protected)/tasks/page.tsx(300,37): error TS2551: Property 'course' does not exist on type 'Task'. Did you mean 'courseId'?
src/components/groups/GroupCard.tsx(48,22): error TS2339: Property 'members' does not exist on type 'Group'.
src/components/groups/GroupCard.tsx(56,16): error TS2339: Property 'pendingTasks' does not exist on type 'Group'.
src/components/groups/GroupCard.tsx(58,20): error TS2339: Property 'pendingTasks' does not exist on type 'Group'.
src/components/tasks/SortableTaskCard.tsx(123,21): error TS2551: Property 'course' does not exist on type 'Task'. Did you mean 'courseId'?
